WARNING: A restricted method in java.lang.System has been called
WARNING: java.lang.System::load has been called by org.fusesource.jansi.internal.JansiLoader in an unnamed module (file:/Users/mohammadreza/.m2/wrapper/dists/apache-maven-3.9.9/3477a4f1/lib/jansi-2.4.1.jar)
WARNING: Use --enable-native-access=ALL-UNNAMED to avoid a warning for callers in this module
WARNING: Restricted methods will be blocked in a future release unless native access is enabled

WARNING: A terminally deprecated method in sun.misc.Unsafe has been called
WARNING: sun.misc.Unsafe::objectFieldOffset has been called by com.google.common.util.concurrent.AbstractFuture$UnsafeAtomicHelper (file:/Users/mohammadreza/.m2/wrapper/dists/apache-maven-3.9.9/3477a4f1/lib/guava-33.2.1-jre.jar)
WARNING: Please consider reporting this to the maintainers of class com.google.common.util.concurrent.AbstractFuture$UnsafeAtomicHelper
WARNING: sun.misc.Unsafe::objectFieldOffset will be removed in a future release
[INFO] Scanning for projects...
[INFO] 
[INFO] ---------------------< com.github.mohrezal:worker >---------------------
[INFO] Building worker 0.0.1-SNAPSHOT
[INFO]   from pom.xml
[INFO] --------------------------------[ jar ]---------------------------------
[INFO] 
[INFO] >>> spring-boot:4.0.1:run (default-cli) > test-compile @ worker >>>
[INFO] 
[INFO] --- checkstyle:3.6.0:check (validate) @ worker ---
[INFO] Starting audit...
Audit done.
[INFO] You have 0 Checkstyle violations.
[INFO] 
[INFO] --- antrun:3.1.0:run (prepare-hooks) @ worker ---
[INFO] Executing tasks
[INFO]      [copy] Copying 1 file to /Users/mohammadreza/Programming/projects/personal/backend/java/base/spring-boot-blog-rest-api/.git/hooks
[INFO] Executed tasks
[INFO] 
[INFO] --- resources:3.3.1:resources (default-resources) @ worker ---
[INFO] Copying 1 resource from src/main/resources to target/classes
[INFO] Copying 1 resource from src/main/resources to target/classes
[INFO] 
[INFO] --- compiler:3.14.1:compile (default-compile) @ worker ---
[INFO] Nothing to compile - all classes are up to date.
[INFO] 
[INFO] --- spotless:2.44.4:check (default) @ worker ---
[INFO] Spotless.Java is keeping 6 files clean - 0 needs changes to be clean, 0 were already clean, 6 were skipped because caching determined they were already clean
[INFO] 
[INFO] --- resources:3.3.1:testResources (default-testResources) @ worker ---
[INFO] skip non existing resourceDirectory /Users/mohammadreza/Programming/projects/personal/backend/java/base/spring-boot-blog-rest-api/services/worker/src/test/resources
[INFO] 
[INFO] --- compiler:3.14.1:testCompile (default-testCompile) @ worker ---
[INFO] No sources to compile
[INFO] 
[INFO] <<< spring-boot:4.0.1:run (default-cli) < test-compile @ worker <<<
[INFO] 
[INFO] 
[INFO] --- spring-boot:4.0.1:run (default-cli) @ worker ---
[INFO] Attaching agents: []

  .   ____          _            __ _ _
 /\\ / ___'_ __ _ _(_)_ __  __ _ \ \ \ \
( ( )\___ | '_ | '_| | '_ \/ _` | \ \ \ \
 \\/  ___)| |_)| | | | | || (_| |  ) ) ) )
  '  |____| .__|_| |_|_| |_\__, | / / / /
 =========|_|==============|___/=/_/_/_/

 :: Spring Boot ::                (v4.0.1)

2026-05-02T20:19:25.438+04:00  INFO 30911 --- [           main] c.g.mohrezal.worker.WorkerApplication    : Starting WorkerApplication using Java 25.0.2 with PID 30911 (/Users/mohammadreza/Programming/projects/personal/backend/java/base/spring-boot-blog-rest-api/services/worker/target/classes started by mohammadreza in /Users/mohammadreza/Programming/projects/personal/backend/java/base/spring-boot-blog-rest-api/services/worker)
2026-05-02T20:19:25.439+04:00  INFO 30911 --- [           main] c.g.mohrezal.worker.WorkerApplication    : No active profile set, falling back to 1 default profile: "default"
2026-05-02T20:19:25.871+04:00  INFO 30911 --- [           main] o.s.a.r.c.CachingConnectionFactory       : Attempting to connect to: [localhost:5672]
2026-05-02T20:19:25.905+04:00  INFO 30911 --- [           main] o.s.a.r.c.CachingConnectionFactory       : Created new connection: rabbitConnectionFactory#56cfe111:0/SimpleConnection@6dc1dc69 [delegate=amqp://admin@127.0.0.1:5672/, localPort=58566]
2026-05-02T20:19:25.947+04:00  INFO 30911 --- [           main] c.g.mohrezal.worker.WorkerApplication    : Started WorkerApplication in 0.664 seconds (process running for 0.798)
